
<conftest.c;-1:-1;IPO ROUTINE ATTRIBUTES PROPAGATION;main;0>
BEFORE    main: R-NT E-AR E-DR E-DDR E-TRIV E-DTRIV E-NT E-DNT E-LOCTHIS 

AFTER    main: R-NSE R-AR R-DR R-NT E-AR E-DR E-DDR E-TRIV E-DTRIV E-NT E-DNT E-LOCTHIS 


<;-1:-1;IPO ROUTINE ATTRIBUTES PROPAGATION;;0>
  ROUTINE ATTRIBUTE PROPAGATION TOTALS: 

      RDECL: NSE(0->1) AR(0->1) NORET(0->0) DR(0->1) NT(1->1)
      RDECL: MF(0->0) OMPPAR(0->0)
      ENTRY: SE(0->0) DSE(0->0) IR(0->0) DIR(0->0) AR(1->1)
      ENTRY: MX(0->0) DR(1->1) DDR(1->1) TRIV(1->1) DTRIV(1->1)
      ENTRY: NT(1->1) DNT(1->1) MF(0->0) DMF(0->0) NDR(0->0)
      ENTRY: DNDR(0->0) INLOOP(0->0) INASYNCHTRY(0->0)
      ENTRY: LOCTHIS(1->1) OMPPAR(0->0)



<conftest.c;-1:-1;IPO ROUTINE ATTRIBUTES LATE PROPAGATION;main;0>
BEFORE    main: 

AFTER    main: 


<;-1:-1;IPO ROUTINE ATTRIBUTES LATE PROPAGATION;;0>
  ROUTINE ATTRIBUTE LATE PROPAGATION TOTALS: 

      ENTRY: CP(0->0)



<conftest.c;-1:-1;IPO MODREF;main;0>
  CI-MOD(main):
    EMPTY



<;-1:-1;IPO MODREF;;0>
  CI-MOD: TOTAL(1):EMPTY(1)


<conftest.c;-1:-1;IPO MODREF;main;0>
  CI-REF(main):
    EMPTY



<;-1:-1;IPO MODREF;;0>
  CI-REF: TOTAL(1):EMPTY(1)


<;-1:-1;IPO;;0>
WHOLE PROGRAM (SAFE) [EITHER METHOD]: false

WHOLE PROGRAM (SEEN) [TABLE METHOD]: true

WHOLE PROGRAM (READ) [OBJECT READER METHOD]: false

INLINING OPTION VALUES:
  -inline-factor: 100
  -inline-min-size: 30
  -inline-max-size: 230
  -inline-max-total-size: 2000
  -inline-max-per-routine: 10000
  -inline-max-per-compile: 500000


<conftest.c;35:38;IPO INLINING;main;0>
INLINING REPORT: (main) [1/1=100.0%]



<conftest.c;-1:-1;PGO;main;0>
  STATIC:conftest.c  main

<;-1:-1;PGO;;0>

      1 FUNCTIONS HAD VALID STATIC PROFILES

  IPO CURRENT  QUALITY METRIC:  50.0%
  IPO POSSIBLE QUALITY METRIC:  50.0%
  IPO QUALITY  METRIC RATIO:   100.0%


